I'm sorry, but errors were detected in your script. Please correct the
errors listed below, and try again.


File "game/script.rpy", line 273: expected statement.
    [Pause]
           ^

Ren'Py Version: Ren'Py 7.8.7.25031702
Fri Apr 18 20:04:22 2025
